D:/STMCUBEMX/STM32Cube_FW_WL_V1.3.0/Middlewares/Third_Party/LoRaWAN/Mac/LoRaMac.c:987:13:UpdateRxSlotIdleState	0	static
D:/STMCUBEMX/STM32Cube_FW_WL_V1.3.0/Middlewares/Third_Party/LoRaWAN/Mac/LoRaMac.c:1936:13:LoRaMacEnableRequests	0	static
D:/STMCUBEMX/STM32Cube_FW_WL_V1.3.0/Middlewares/Third_Party/LoRaWAN/Mac/LoRaMac.c:1985:13:LoRaMacHandleIndicationEvents	8	static
D:/STMCUBEMX/STM32Cube_FW_WL_V1.3.0/Middlewares/Third_Party/LoRaWAN/Mac/LoRaMac.c:2174:13:LoRaMacCheckForRxAbort	0	static
D:/STMCUBEMX/STM32Cube_FW_WL_V1.3.0/Middlewares/Third_Party/LoRaWAN/Mac/LoRaMac.c:3679:13:CalculateBackOff	0	static
D:/STMCUBEMX/STM32Cube_FW_WL_V1.3.0/Middlewares/Third_Party/LoRaWAN/Mac/LoRaMac.c:4083:24:SetTxContinuousWave1	8	static
D:/STMCUBEMX/STM32Cube_FW_WL_V1.3.0/Middlewares/Third_Party/LoRaWAN/Mac/LoRaMac.c:4187:24:DetermineFrameType	0	static
D:/STMCUBEMX/STM32Cube_FW_WL_V1.3.0/Middlewares/Third_Party/LoRaWAN/Mac/LoRaMac.c:4240:13:CheckRetransUnconfirmedUplink	0	static
D:/STMCUBEMX/STM32Cube_FW_WL_V1.3.0/Middlewares/Third_Party/LoRaWAN/Mac/LoRaMac.c:4266:13:CheckRetransConfirmedUplink	0	static
D:/STMCUBEMX/STM32Cube_FW_WL_V1.3.0/Middlewares/Third_Party/LoRaWAN/Mac/LoRaMac.c:4344:13:StopRetransmission	0	static
D:/STMCUBEMX/STM32Cube_FW_WL_V1.3.0/Middlewares/Third_Party/LoRaWAN/Mac/LoRaMac.c:4402:13:OnMacProcessNotify	8	static
D:/STMCUBEMX/STM32Cube_FW_WL_V1.3.0/Middlewares/Third_Party/LoRaWAN/Mac/LoRaMac.c:972:13:OnRadioRxError	8	static
D:/STMCUBEMX/STM32Cube_FW_WL_V1.3.0/Middlewares/Third_Party/LoRaWAN/Mac/LoRaMac.c:4410:13:CallNvmDataChangeCallback	8	static
D:/STMCUBEMX/STM32Cube_FW_WL_V1.3.0/Middlewares/Third_Party/LoRaWAN/Mac/LoRaMac.c:4455:16:IsRequestPending	0	static
D:/STMCUBEMX/STM32Cube_FW_WL_V1.3.0/Middlewares/Third_Party/LoRaWAN/Mac/LoRaMac.c:4419:13:AckTimeoutRetriesProcess	24	static
D:/STMCUBEMX/STM32Cube_FW_WL_V1.3.0/Middlewares/Third_Party/LoRaWAN/Mac/LoRaMac.c:2638:16:GetMaxAppPayloadWithoutFOptsLength	24	static
D:/STMCUBEMX/STM32Cube_FW_WL_V1.3.0/Middlewares/Third_Party/LoRaWAN/Mac/LoRaMac.c:2658:13:ValidatePayloadLength	16	static
D:/STMCUBEMX/STM32Cube_FW_WL_V1.3.0/Middlewares/Third_Party/LoRaWAN/Mac/LoRaMac.c:999:13:ProcessRadioTxDone	80	static,ignoring_inline_asm
D:/STMCUBEMX/STM32Cube_FW_WL_V1.3.0/Middlewares/Third_Party/LoRaWAN/Mac/LoRaMac.c:2393:13:OnAckTimeoutTimerEvent	8	static
D:/STMCUBEMX/STM32Cube_FW_WL_V1.3.0/Middlewares/Third_Party/LoRaWAN/Mac/LoRaMac.c:1084:13:PrepareRxDoneAbort	8	static
D:/STMCUBEMX/STM32Cube_FW_WL_V1.3.0/Middlewares/Third_Party/LoRaWAN/Mac/LoRaMac.c:2147:16:LoRaMacCheckForBeaconAcquisition	8	static
D:/STMCUBEMX/STM32Cube_FW_WL_V1.3.0/Middlewares/Third_Party/LoRaWAN/Mac/LoRaMac.c:2408:30:GetFCntDown	16	static
D:/STMCUBEMX/STM32Cube_FW_WL_V1.3.0/Middlewares/Third_Party/LoRaWAN/Mac/LoRaMac.c:3691:13:RemoveMacCommands	8	static
D:/STMCUBEMX/STM32Cube_FW_WL_V1.3.0/Middlewares/Third_Party/LoRaWAN/Mac/LoRaMac.c:2676:13:ProcessMacCommands	96	static
D:/STMCUBEMX/STM32Cube_FW_WL_V1.3.0/Middlewares/Third_Party/LoRaWAN/Mac/LoRaMac.c:1103:13:ProcessRadioRxDone	176	static
D:/STMCUBEMX/STM32Cube_FW_WL_V1.3.0/Middlewares/Third_Party/LoRaWAN/Mac/LoRaMac.c:1771:13:ProcessRadioTxTimeout	8	static
D:/STMCUBEMX/STM32Cube_FW_WL_V1.3.0/Middlewares/Third_Party/LoRaWAN/Mac/LoRaMac.c:3418:24:CheckForClassBCollision	8	static
D:/STMCUBEMX/STM32Cube_FW_WL_V1.3.0/Middlewares/Third_Party/LoRaWAN/Mac/LoRaMac.c:1792:13:HandleRadioRxErrorTimeout	24	static
D:/STMCUBEMX/STM32Cube_FW_WL_V1.3.0/Middlewares/Third_Party/LoRaWAN/Mac/LoRaMac.c:1861:13:ProcessRadioRxError	8	static
D:/STMCUBEMX/STM32Cube_FW_WL_V1.3.0/Middlewares/Third_Party/LoRaWAN/Mac/LoRaMac.c:1866:13:ProcessRadioRxTimeout	8	static
D:/STMCUBEMX/STM32Cube_FW_WL_V1.3.0/Middlewares/Third_Party/LoRaWAN/Mac/LoRaMac.c:1871:13:LoRaMacHandleIrqEvents	8	static,ignoring_inline_asm
D:/STMCUBEMX/STM32Cube_FW_WL_V1.3.0/Middlewares/Third_Party/LoRaWAN/Mac/LoRaMac.c:2110:13:LoRaMacHandleMlmeRequest	8	static
D:/STMCUBEMX/STM32Cube_FW_WL_V1.3.0/Middlewares/Third_Party/LoRaWAN/Mac/LoRaMac.c:4438:13:AckTimeoutRetriesFinalize	24	static
D:/STMCUBEMX/STM32Cube_FW_WL_V1.3.0/Middlewares/Third_Party/LoRaWAN/Mac/LoRaMac.c:3487:24:SerializeTxFrame	8	static
D:/STMCUBEMX/STM32Cube_FW_WL_V1.3.0/Middlewares/Third_Party/LoRaWAN/Mac/LoRaMac.c:3439:13:ComputeRxWindowParameters	24	static
D:/STMCUBEMX/STM32Cube_FW_WL_V1.3.0/Middlewares/Third_Party/LoRaWAN/Mac/LoRaMac.c:3468:24:VerifyTxFrame	16	static
D:/STMCUBEMX/STM32Cube_FW_WL_V1.3.0/Middlewares/Third_Party/LoRaWAN/Mac/LoRaMac.c:3615:24:SecureFrame	24	static
D:/STMCUBEMX/STM32Cube_FW_WL_V1.3.0/Middlewares/Third_Party/LoRaWAN/Mac/LoRaMac.c:3992:24:SendFrameOnChannel	40	static
D:/STMCUBEMX/STM32Cube_FW_WL_V1.3.0/Middlewares/Third_Party/LoRaWAN/Mac/LoRaMac.c:3535:24:ScheduleTx	72	static
D:/STMCUBEMX/STM32Cube_FW_WL_V1.3.0/Middlewares/Third_Party/LoRaWAN/Mac/LoRaMac.c:2319:13:OnTxDelayedTimerEvent	8	static
D:/STMCUBEMX/STM32Cube_FW_WL_V1.3.0/Middlewares/Third_Party/LoRaWAN/Mac/LoRaMac.c:2041:13:LoRaMacHandleMcpsRequest	8	static
D:/STMCUBEMX/STM32Cube_FW_WL_V1.3.0/Middlewares/Third_Party/LoRaWAN/Mac/LoRaMac.c:1941:13:LoRaMacHandleRequestEvents	16	static
D:/STMCUBEMX/STM32Cube_FW_WL_V1.3.0/Middlewares/Third_Party/LoRaWAN/Mac/LoRaMac.c:3857:13:OpenContinuousRxCWindow	24	static
D:/STMCUBEMX/STM32Cube_FW_WL_V1.3.0/Middlewares/Third_Party/LoRaWAN/Mac/LoRaMac.c:3842:13:RxWindowSetup	16	static
D:/STMCUBEMX/STM32Cube_FW_WL_V1.3.0/Middlewares/Third_Party/LoRaWAN/Mac/LoRaMac.c:2372:13:OnRxWindow2TimerEvent	8	static
D:/STMCUBEMX/STM32Cube_FW_WL_V1.3.0/Middlewares/Third_Party/LoRaWAN/Mac/LoRaMac.c:2357:13:OnRxWindow1TimerEvent	8	static
D:/STMCUBEMX/STM32Cube_FW_WL_V1.3.0/Middlewares/Third_Party/LoRaWAN/Mac/LoRaMac.c:2184:13:LoRaMacHandleNvm	16	static
D:/STMCUBEMX/STM32Cube_FW_WL_V1.3.0/Middlewares/Third_Party/LoRaWAN/Mac/LoRaMac.c:4102:24:RestoreNvmData	16	static
D:/STMCUBEMX/STM32Cube_FW_WL_V1.3.0/Middlewares/Third_Party/LoRaWAN/Mac/LoRaMac.c:979:13:OnRadioRxTimeout	8	static
D:/STMCUBEMX/STM32Cube_FW_WL_V1.3.0/Middlewares/Third_Party/LoRaWAN/Mac/LoRaMac.c:964:13:OnRadioTxTimeout	8	static
D:/STMCUBEMX/STM32Cube_FW_WL_V1.3.0/Middlewares/Third_Party/LoRaWAN/Mac/LoRaMac.c:947:13:OnRadioRxDone	24	static
D:/STMCUBEMX/STM32Cube_FW_WL_V1.3.0/Middlewares/Third_Party/LoRaWAN/Mac/LoRaMac.c:936:13:OnRadioTxDone	16	static
D:/STMCUBEMX/STM32Cube_FW_WL_V1.3.0/Middlewares/Third_Party/LoRaWAN/Mac/LoRaMac.c:3711:13:ResetMacParameters	80	static
D:/STMCUBEMX/STM32Cube_FW_WL_V1.3.0/Middlewares/Third_Party/LoRaWAN/Mac/LoRaMac.c:2532:24:SwitchClass	16	static
D:/STMCUBEMX/STM32Cube_FW_WL_V1.3.0/Middlewares/Third_Party/LoRaWAN/Mac/LoRaMac.c:3321:24:SendReJoinReq	16	static
D:/STMCUBEMX/STM32Cube_FW_WL_V1.3.0/Middlewares/Third_Party/LoRaWAN/Mac/LoRaMac.c:4065:24:SetTxContinuousWave	24	static
D:/STMCUBEMX/STM32Cube_FW_WL_V1.3.0/Middlewares/Third_Party/LoRaWAN/Mac/LoRaMac.c:3883:24:PrepareFrame	40	static
D:/STMCUBEMX/STM32Cube_FW_WL_V1.3.0/Middlewares/Third_Party/LoRaWAN/Mac/LoRaMac.c:3229:24:Send	72	static
D:/STMCUBEMX/STM32Cube_FW_WL_V1.3.0/Middlewares/Third_Party/LoRaWAN/Mac/LoRaMac.c:1905:6:LoRaMacIsBusy	0	static
D:/STMCUBEMX/STM32Cube_FW_WL_V1.3.0/Middlewares/Third_Party/LoRaWAN/Mac/LoRaMac.c:1927:6:LoRaMacIsStopped	0	static
D:/STMCUBEMX/STM32Cube_FW_WL_V1.3.0/Middlewares/Third_Party/LoRaWAN/Mac/LoRaMac.c:2275:6:LoRaMacProcess	8	static
D:/STMCUBEMX/STM32Cube_FW_WL_V1.3.0/Middlewares/Third_Party/LoRaWAN/Mac/LoRaMac.c:4465:17:LoRaMacInitialization	80	static
D:/STMCUBEMX/STM32Cube_FW_WL_V1.3.0/Middlewares/Third_Party/LoRaWAN/Mac/LoRaMac.c:4691:17:LoRaMacStart	8	static
D:/STMCUBEMX/STM32Cube_FW_WL_V1.3.0/Middlewares/Third_Party/LoRaWAN/Mac/LoRaMac.c:4698:17:LoRaMacStop	8	static
D:/STMCUBEMX/STM32Cube_FW_WL_V1.3.0/Middlewares/Third_Party/LoRaWAN/Mac/LoRaMac.c:4716:17:LoRaMacHalt	16	static
D:/STMCUBEMX/STM32Cube_FW_WL_V1.3.0/Middlewares/Third_Party/LoRaWAN/Mac/LoRaMac.c:4748:17:LoRaMacQueryTxPossible	48	static
D:/STMCUBEMX/STM32Cube_FW_WL_V1.3.0/Middlewares/Third_Party/LoRaWAN/Mac/LoRaMac.c:4818:17:LoRaMacMibGetRequestConfirm	24	static
D:/STMCUBEMX/STM32Cube_FW_WL_V1.3.0/Middlewares/Third_Party/LoRaWAN/Mac/LoRaMac.c:5106:17:LoRaMacMibSetRequestConfirm	32	static
D:/STMCUBEMX/STM32Cube_FW_WL_V1.3.0/Middlewares/Third_Party/LoRaWAN/Mac/LoRaMac.c:5888:17:LoRaMacChannelAdd	32	static
D:/STMCUBEMX/STM32Cube_FW_WL_V1.3.0/Middlewares/Third_Party/LoRaWAN/Mac/LoRaMac.c:5906:17:LoRaMacChannelRemove	16	static
D:/STMCUBEMX/STM32Cube_FW_WL_V1.3.0/Middlewares/Third_Party/LoRaWAN/Mac/LoRaMac.c:5927:17:LoRaMacMcChannelSetup	16	static
D:/STMCUBEMX/STM32Cube_FW_WL_V1.3.0/Middlewares/Third_Party/LoRaWAN/Mac/LoRaMac.c:5971:17:LoRaMacMcChannelDelete	48	static
D:/STMCUBEMX/STM32Cube_FW_WL_V1.3.0/Middlewares/Third_Party/LoRaWAN/Mac/LoRaMac.c:5994:9:LoRaMacMcChannelGetGroupId	0	static
D:/STMCUBEMX/STM32Cube_FW_WL_V1.3.0/Middlewares/Third_Party/LoRaWAN/Mac/LoRaMac.c:6006:17:LoRaMacMcChannelSetupRxParams	32	static
D:/STMCUBEMX/STM32Cube_FW_WL_V1.3.0/Middlewares/Third_Party/LoRaWAN/Mac/LoRaMac.c:6077:17:LoRaMacProcessMicForDatablock	16	static
D:/STMCUBEMX/STM32Cube_FW_WL_V1.3.0/Middlewares/Third_Party/LoRaWAN/Mac/LoRaMac.c:6090:17:LoRaMacMlmeRequest	32	static
D:/STMCUBEMX/STM32Cube_FW_WL_V1.3.0/Middlewares/Third_Party/LoRaWAN/Mac/LoRaMac.c:6334:17:LoRaMacMcpsRequest	64	static
D:/STMCUBEMX/STM32Cube_FW_WL_V1.3.0/Middlewares/Third_Party/LoRaWAN/Mac/LoRaMac.c:6631:6:LoRaMacTestSetDutyCycleOn	16	static
D:/STMCUBEMX/STM32Cube_FW_WL_V1.3.0/Middlewares/Third_Party/LoRaWAN/Mac/LoRaMac.c:6645:17:LoRaMacDeInitialization	16	static
