D:/STMCUBEMX/STM32Cube_FW_WL_V1.3.0/Middlewares/Third_Party/LoRaWAN/Mac/Region/RegionCommon.c:90:17:GetDutyCycle	8	static
D:/STMCUBEMX/STM32Cube_FW_WL_V1.3.0/Middlewares/Third_Party/LoRaWAN/Mac/Region/RegionCommon.c:220:16:CountChannels	0	static
D:/STMCUBEMX/STM32Cube_FW_WL_V1.3.0/Middlewares/Third_Party/LoRaWAN/Mac/Region/RegionCommon.c:123:17:SetMaxTimeCredits	64	static
D:/STMCUBEMX/STM32Cube_FW_WL_V1.3.0/Middlewares/Third_Party/LoRaWAN/Mac/Region/RegionCommon.c:194:17:UpdateTimeCredits	24	static
D:/STMCUBEMX/STM32Cube_FW_WL_V1.3.0/Middlewares/Third_Party/LoRaWAN/Mac/Region/RegionCommon.c:259:9:RegionCommonValueInRange	0	static
D:/STMCUBEMX/STM32Cube_FW_WL_V1.3.0/Middlewares/Third_Party/LoRaWAN/Mac/Region/RegionCommon.c:234:6:RegionCommonChanVerifyDr	32	static
D:/STMCUBEMX/STM32Cube_FW_WL_V1.3.0/Middlewares/Third_Party/LoRaWAN/Mac/Region/RegionCommon.c:268:6:RegionCommonChanDisable	4	static
D:/STMCUBEMX/STM32Cube_FW_WL_V1.3.0/Middlewares/Third_Party/LoRaWAN/Mac/Region/RegionCommon.c:283:9:RegionCommonCountChannels	24	static
D:/STMCUBEMX/STM32Cube_FW_WL_V1.3.0/Middlewares/Third_Party/LoRaWAN/Mac/Region/RegionCommon.c:300:6:RegionCommonChanMaskCopy	0	static
D:/STMCUBEMX/STM32Cube_FW_WL_V1.3.0/Middlewares/Third_Party/LoRaWAN/Mac/Region/RegionCommon.c:311:6:RegionCommonSetBandTxDone	16	static
D:/STMCUBEMX/STM32Cube_FW_WL_V1.3.0/Middlewares/Third_Party/LoRaWAN/Mac/Region/RegionCommon.c:329:13:RegionCommonUpdateBandTimeOff	72	static
D:/STMCUBEMX/STM32Cube_FW_WL_V1.3.0/Middlewares/Third_Party/LoRaWAN/Mac/Region/RegionCommon.c:423:9:RegionCommonParseLinkAdrReq	0	static
D:/STMCUBEMX/STM32Cube_FW_WL_V1.3.0/Middlewares/Third_Party/LoRaWAN/Mac/Region/RegionCommon.c:447:9:RegionCommonLinkAdrReqVerifyParams	56	static
D:/STMCUBEMX/STM32Cube_FW_WL_V1.3.0/Middlewares/Third_Party/LoRaWAN/Mac/Region/RegionCommon.c:512:10:RegionCommonComputeSymbolTimeLoRa	0	static
D:/STMCUBEMX/STM32Cube_FW_WL_V1.3.0/Middlewares/Third_Party/LoRaWAN/Mac/Region/RegionCommon.c:517:10:RegionCommonComputeSymbolTimeFsk	0	static
D:/STMCUBEMX/STM32Cube_FW_WL_V1.3.0/Middlewares/Third_Party/LoRaWAN/Mac/Region/RegionCommon.c:522:6:RegionCommonComputeRxWindowParameters	4	static
D:/STMCUBEMX/STM32Cube_FW_WL_V1.3.0/Middlewares/Third_Party/LoRaWAN/Mac/Region/RegionCommon.c:530:8:RegionCommonComputeTxPower	16	static
D:/STMCUBEMX/STM32Cube_FW_WL_V1.3.0/Middlewares/Third_Party/LoRaWAN/Mac/Region/RegionCommon.c:539:6:RegionCommonRxBeaconSetup	64	static
D:/STMCUBEMX/STM32Cube_FW_WL_V1.3.0/Middlewares/Third_Party/LoRaWAN/Mac/Region/RegionCommon.c:568:6:RegionCommonCountNbOfEnabledChannels	48	static
D:/STMCUBEMX/STM32Cube_FW_WL_V1.3.0/Middlewares/Third_Party/LoRaWAN/Mac/Region/RegionCommon.c:611:17:RegionCommonIdentifyChannels	48	static
D:/STMCUBEMX/STM32Cube_FW_WL_V1.3.0/Middlewares/Third_Party/LoRaWAN/Mac/Region/RegionCommon.c:655:8:RegionCommonGetNextLowerTxDr	24	static
D:/STMCUBEMX/STM32Cube_FW_WL_V1.3.0/Middlewares/Third_Party/LoRaWAN/Mac/Region/RegionCommon.c:675:8:RegionCommonLimitTxPower	0	static
D:/STMCUBEMX/STM32Cube_FW_WL_V1.3.0/Middlewares/Third_Party/LoRaWAN/Mac/Region/RegionCommon.c:681:10:RegionCommonGetBandwidth	0	static
D:/STMCUBEMX/STM32Cube_FW_WL_V1.3.0/Middlewares/Third_Party/LoRaWAN/Mac/Region/RegionCommon.c:695:6:RegionCommonRxConfigPrint	24	static
D:/STMCUBEMX/STM32Cube_FW_WL_V1.3.0/Middlewares/Third_Party/LoRaWAN/Mac/Region/RegionCommon.c:707:6:RegionCommonTxConfigPrint	16	static
