D:/STMCUBEMX/STM32Cube_FW_WL_V1.3.0/Middlewares/Third_Party/LoRaWAN/Mac/Region/RegionAU915.c:79:13:VerifyRfFreq	8	static
D:/STMCUBEMX/STM32Cube_FW_WL_V1.3.0/Middlewares/Third_Party/LoRaWAN/Mac/Region/RegionAU915.c:104:20:GetTimeOnAir	32	static
D:/STMCUBEMX/STM32Cube_FW_WL_V1.3.0/Middlewares/Third_Party/LoRaWAN/Mac/Region/RegionAU915.c:113:12:RegionAU915GetPhyParam	32	static
D:/STMCUBEMX/STM32Cube_FW_WL_V1.3.0/Middlewares/Third_Party/LoRaWAN/Mac/Region/RegionAU915.c:371:6:RegionAU915SetBandTxDone	16	static
D:/STMCUBEMX/STM32Cube_FW_WL_V1.3.0/Middlewares/Third_Party/LoRaWAN/Mac/Region/RegionAU915.c:384:6:RegionAU915InitDefaults	32	static
D:/STMCUBEMX/STM32Cube_FW_WL_V1.3.0/Middlewares/Third_Party/LoRaWAN/Mac/Region/RegionAU915.c:483:6:RegionAU915Verify	8	static
D:/STMCUBEMX/STM32Cube_FW_WL_V1.3.0/Middlewares/Third_Party/LoRaWAN/Mac/Region/RegionAU915.c:533:6:RegionAU915ApplyCFList	12	static
D:/STMCUBEMX/STM32Cube_FW_WL_V1.3.0/Middlewares/Third_Party/LoRaWAN/Mac/Region/RegionAU915.c:563:6:RegionAU915ChanMaskSet	16	static
D:/STMCUBEMX/STM32Cube_FW_WL_V1.3.0/Middlewares/Third_Party/LoRaWAN/Mac/Region/RegionAU915.c:595:6:RegionAU915ComputeRxWindowParameters	32	static
D:/STMCUBEMX/STM32Cube_FW_WL_V1.3.0/Middlewares/Third_Party/LoRaWAN/Mac/Region/RegionAU915.c:610:6:RegionAU915RxConfig	72	static
D:/STMCUBEMX/STM32Cube_FW_WL_V1.3.0/Middlewares/Third_Party/LoRaWAN/Mac/Region/RegionAU915.c:656:6:RegionAU915TxConfig	88	static
D:/STMCUBEMX/STM32Cube_FW_WL_V1.3.0/Middlewares/Third_Party/LoRaWAN/Mac/Region/RegionAU915.c:690:9:RegionAU915LinkAdrReq	96	static
D:/STMCUBEMX/STM32Cube_FW_WL_V1.3.0/Middlewares/Third_Party/LoRaWAN/Mac/Region/RegionAU915.c:853:9:RegionAU915RxParamSetupReq	16	static
D:/STMCUBEMX/STM32Cube_FW_WL_V1.3.0/Middlewares/Third_Party/LoRaWAN/Mac/Region/RegionAU915.c:885:8:RegionAU915NewChannelReq	0	static
D:/STMCUBEMX/STM32Cube_FW_WL_V1.3.0/Middlewares/Third_Party/LoRaWAN/Mac/Region/RegionAU915.c:891:8:RegionAU915TxParamSetupReq	0	static
D:/STMCUBEMX/STM32Cube_FW_WL_V1.3.0/Middlewares/Third_Party/LoRaWAN/Mac/Region/RegionAU915.c:897:8:RegionAU915DlChannelReq	0	static
D:/STMCUBEMX/STM32Cube_FW_WL_V1.3.0/Middlewares/Third_Party/LoRaWAN/Mac/Region/RegionAU915.c:903:8:RegionAU915AlternateDr	0	static
D:/STMCUBEMX/STM32Cube_FW_WL_V1.3.0/Middlewares/Third_Party/LoRaWAN/Mac/Region/RegionAU915.c:932:17:RegionAU915NextChannel	168	static
D:/STMCUBEMX/STM32Cube_FW_WL_V1.3.0/Middlewares/Third_Party/LoRaWAN/Mac/Region/RegionAU915.c:1030:17:RegionAU915ChannelAdd	0	static
D:/STMCUBEMX/STM32Cube_FW_WL_V1.3.0/Middlewares/Third_Party/LoRaWAN/Mac/Region/RegionAU915.c:1035:6:RegionAU915ChannelsRemove	0	static
D:/STMCUBEMX/STM32Cube_FW_WL_V1.3.0/Middlewares/Third_Party/LoRaWAN/Mac/Region/RegionAU915.c:1041:6:RegionAU915SetContinuousWave	16	static
D:/STMCUBEMX/STM32Cube_FW_WL_V1.3.0/Middlewares/Third_Party/LoRaWAN/Mac/Region/RegionAU915.c:1056:9:RegionAU915ApplyDrOffset	0	static
D:/STMCUBEMX/STM32Cube_FW_WL_V1.3.0/Middlewares/Third_Party/LoRaWAN/Mac/Region/RegionAU915.c:1078:6:RegionAU915RxBeaconSetup	40	static
