D:\\STMCUBEMX\\STM32Cube_FW_WL_V1.3.0\\Utilities\\sequencer\\stm32_seq.c:180:6:UTIL_SEQ_Init	8	static
D:\\STMCUBEMX\\STM32Cube_FW_WL_V1.3.0\\Utilities\\sequencer\\stm32_seq.c:197:6:UTIL_SEQ_DeInit	0	static
D:\\STMCUBEMX\\STM32Cube_FW_WL_V1.3.0\\Utilities\\sequencer\\stm32_seq.c:335:6:UTIL_SEQ_SetTask	0	static,ignoring_inline_asm
D:\\STMCUBEMX\\STM32Cube_FW_WL_V1.3.0\\Utilities\\sequencer\\stm32_seq.c:347:10:UTIL_SEQ_IsSchedulableTask	0	static,ignoring_inline_asm
D:\\STMCUBEMX\\STM32Cube_FW_WL_V1.3.0\\Utilities\\sequencer\\stm32_seq.c:361:6:UTIL_SEQ_PauseTask	0	static,ignoring_inline_asm
D:\\STMCUBEMX\\STM32Cube_FW_WL_V1.3.0\\Utilities\\sequencer\\stm32_seq.c:372:10:UTIL_SEQ_IsPauseTask	0	static,ignoring_inline_asm
D:\\STMCUBEMX\\STM32Cube_FW_WL_V1.3.0\\Utilities\\sequencer\\stm32_seq.c:383:6:UTIL_SEQ_ResumeTask	0	static,ignoring_inline_asm
D:\\STMCUBEMX\\STM32Cube_FW_WL_V1.3.0\\Utilities\\sequencer\\stm32_seq.c:394:6:UTIL_SEQ_SetEvt	0	static,ignoring_inline_asm
D:\\STMCUBEMX\\STM32Cube_FW_WL_V1.3.0\\Utilities\\sequencer\\stm32_seq.c:405:6:UTIL_SEQ_ClrEvt	0	static,ignoring_inline_asm
D:\\STMCUBEMX\\STM32Cube_FW_WL_V1.3.0\\Utilities\\sequencer\\stm32_seq.c:469:15:UTIL_SEQ_IsEvtPend	0	static
D:\\STMCUBEMX\\STM32Cube_FW_WL_V1.3.0\\Utilities\\sequencer\\stm32_seq.c:482:13:UTIL_SEQ_Idle	0	static
D:\\STMCUBEMX\\STM32Cube_FW_WL_V1.3.0\\Utilities\\sequencer\\stm32_seq.c:487:13:UTIL_SEQ_PreIdle	0	static
D:\\STMCUBEMX\\STM32Cube_FW_WL_V1.3.0\\Utilities\\sequencer\\stm32_seq.c:495:13:UTIL_SEQ_PostIdle	0	static
D:\\STMCUBEMX\\STM32Cube_FW_WL_V1.3.0\\Utilities\\sequencer\\stm32_seq.c:518:9:SEQ_BitPosition	0	static
D:\\STMCUBEMX\\STM32Cube_FW_WL_V1.3.0\\Utilities\\sequencer\\stm32_seq.c:207:6:UTIL_SEQ_Run	16	static,ignoring_inline_asm
D:\\STMCUBEMX\\STM32Cube_FW_WL_V1.3.0\\Utilities\\sequencer\\stm32_seq.c:475:13:UTIL_SEQ_EvtIdle	8	static
D:\\STMCUBEMX\\STM32Cube_FW_WL_V1.3.0\\Utilities\\sequencer\\stm32_seq.c:416:6:UTIL_SEQ_WaitEvt	24	static,ignoring_inline_asm
D:\\STMCUBEMX\\STM32Cube_FW_WL_V1.3.0\\Utilities\\sequencer\\stm32_seq.c:323:6:UTIL_SEQ_RegTask	16	static,ignoring_inline_asm
D:/STMCUBEMX/STM32Cube_FW_WL_V1.3.0/Projects/NUCLEO-WL55JC/Applications/LoRaWAN/LoRaWAN_End_Node_FreeRTOS/LoRaWAN/App/app_lorawan.c:65:6:MX_LoRaWAN_Init	8	static
D:/STMCUBEMX/STM32Cube_FW_WL_V1.3.0/Projects/NUCLEO-WL55JC/Applications/LoRaWAN/LoRaWAN_End_Node_FreeRTOS/LoRaWAN/App/app_lorawan.c:81:6:MX_LoRaWAN_Process	8	static
