../../../../../../../Drivers/CMSIS/Include/core_cm4.h:1933:34:__NVIC_SystemReset	0	static,ignoring_inline_asm
D:/STMCUBEMX/STM32Cube_FW_WL_V1.3.0/Projects/NUCLEO-WL55JC/Applications/LoRaWAN/LoRaWAN_End_Node_FreeRTOS/LoRaWAN/App/lora_app.c:860:13:OnSysTimeUpdate	0	static
D:/STMCUBEMX/STM32Cube_FW_WL_V1.3.0/Projects/NUCLEO-WL55JC/Applications/LoRaWAN/LoRaWAN_End_Node_FreeRTOS/LoRaWAN/App/lora_app.c:908:13:OnTxFrameCtrlChanged	0	static
D:/STMCUBEMX/STM32Cube_FW_WL_V1.3.0/Projects/NUCLEO-WL55JC/Applications/LoRaWAN/LoRaWAN_End_Node_FreeRTOS/LoRaWAN/App/lora_app.c:919:13:OnPingSlotPeriodicityChanged	0	static
D:/STMCUBEMX/STM32Cube_FW_WL_V1.3.0/Projects/NUCLEO-WL55JC/Applications/LoRaWAN/LoRaWAN_End_Node_FreeRTOS/LoRaWAN/App/lora_app.c:825:13:OnBeaconStatusChange	72	static
D:/STMCUBEMX/STM32Cube_FW_WL_V1.3.0/Projects/NUCLEO-WL55JC/Applications/LoRaWAN/LoRaWAN_End_Node_FreeRTOS/LoRaWAN/App/lora_app.c:867:13:OnClassChange	16	static
D:/STMCUBEMX/STM32Cube_FW_WL_V1.3.0/Projects/NUCLEO-WL55JC/Applications/LoRaWAN/LoRaWAN_End_Node_FreeRTOS/LoRaWAN/App/lora_app.c:1019:13:OnNvmDataChange	8	static
D:/STMCUBEMX/STM32Cube_FW_WL_V1.3.0/Projects/NUCLEO-WL55JC/Applications/LoRaWAN/LoRaWAN_End_Node_FreeRTOS/LoRaWAN/App/lora_app.c:734:13:OnTxTimerEvent	8	static
D:/STMCUBEMX/STM32Cube_FW_WL_V1.3.0/Projects/NUCLEO-WL55JC/Applications/LoRaWAN/LoRaWAN_End_Node_FreeRTOS/LoRaWAN/App/lora_app.c:874:13:OnMacProcessNotify	8	static
D:/STMCUBEMX/STM32Cube_FW_WL_V1.3.0/Projects/NUCLEO-WL55JC/Applications/LoRaWAN/LoRaWAN_End_Node_FreeRTOS/LoRaWAN/App/lora_app.c:930:13:OnSystemReset	8	static
D:/STMCUBEMX/STM32Cube_FW_WL_V1.3.0/Projects/NUCLEO-WL55JC/Applications/LoRaWAN/LoRaWAN_End_Node_FreeRTOS/LoRaWAN/App/lora_app.c:886:13:OnTxPeriodicityChanged	8	static
D:/STMCUBEMX/STM32Cube_FW_WL_V1.3.0/Projects/NUCLEO-WL55JC/Applications/LoRaWAN/LoRaWAN_End_Node_FreeRTOS/LoRaWAN/App/lora_app.c:766:13:OnTxData	24	static
D:/STMCUBEMX/STM32Cube_FW_WL_V1.3.0/Projects/NUCLEO-WL55JC/Applications/LoRaWAN/LoRaWAN_End_Node_FreeRTOS/LoRaWAN/App/lora_app.c:795:13:OnJoinRequest	16	static
D:/STMCUBEMX/STM32Cube_FW_WL_V1.3.0/Projects/NUCLEO-WL55JC/Applications/LoRaWAN/LoRaWAN_End_Node_FreeRTOS/LoRaWAN/App/lora_app.c:981:13:OnStopJoinTimerEvent	8	static
D:/STMCUBEMX/STM32Cube_FW_WL_V1.3.0/Projects/NUCLEO-WL55JC/Applications/LoRaWAN/LoRaWAN_End_Node_FreeRTOS/LoRaWAN/App/lora_app.c:754:13:OnRxTimerLedEvent	8	static
D:/STMCUBEMX/STM32Cube_FW_WL_V1.3.0/Projects/NUCLEO-WL55JC/Applications/LoRaWAN/LoRaWAN_End_Node_FreeRTOS/LoRaWAN/App/lora_app.c:749:13:OnTxTimerLedEvent	8	static
D:/STMCUBEMX/STM32Cube_FW_WL_V1.3.0/Projects/NUCLEO-WL55JC/Applications/LoRaWAN/LoRaWAN_End_Node_FreeRTOS/LoRaWAN/App/lora_app.c:601:13:OnRxData	40	static
D:/STMCUBEMX/STM32Cube_FW_WL_V1.3.0/Projects/NUCLEO-WL55JC/Applications/LoRaWAN/LoRaWAN_End_Node_FreeRTOS/LoRaWAN/App/lora_app.c:1037:13:OnStoreContextRequest	16	static
D:/STMCUBEMX/STM32Cube_FW_WL_V1.3.0/Projects/NUCLEO-WL55JC/Applications/LoRaWAN/LoRaWAN_End_Node_FreeRTOS/LoRaWAN/App/lora_app.c:1052:13:OnRestoreContextRequest	8	static
D:/STMCUBEMX/STM32Cube_FW_WL_V1.3.0/Projects/NUCLEO-WL55JC/Applications/LoRaWAN/LoRaWAN_End_Node_FreeRTOS/LoRaWAN/App/lora_app.c:944:13:StopJoin	16	static
D:/STMCUBEMX/STM32Cube_FW_WL_V1.3.0/Projects/NUCLEO-WL55JC/Applications/LoRaWAN/LoRaWAN_End_Node_FreeRTOS/LoRaWAN/App/lora_app.c:584:13:Thd_LoraStopJoin	8	static
D:/STMCUBEMX/STM32Cube_FW_WL_V1.3.0/Projects/NUCLEO-WL55JC/Applications/LoRaWAN/LoRaWAN_End_Node_FreeRTOS/LoRaWAN/App/lora_app.c:997:13:StoreContext	8	static
D:/STMCUBEMX/STM32Cube_FW_WL_V1.3.0/Projects/NUCLEO-WL55JC/Applications/LoRaWAN/LoRaWAN_End_Node_FreeRTOS/LoRaWAN/App/lora_app.c:567:13:Thd_LoraStoreContext	8	static
D:/STMCUBEMX/STM32Cube_FW_WL_V1.3.0/Projects/NUCLEO-WL55JC/Applications/LoRaWAN/LoRaWAN_End_Node_FreeRTOS/LoRaWAN/App/lora_app.c:681:13:SendTxData	40	static
D:/STMCUBEMX/STM32Cube_FW_WL_V1.3.0/Projects/NUCLEO-WL55JC/Applications/LoRaWAN/LoRaWAN_End_Node_FreeRTOS/LoRaWAN/App/lora_app.c:550:13:Thd_LoraSendProcess	8	static
D:/STMCUBEMX/STM32Cube_FW_WL_V1.3.0/Projects/NUCLEO-WL55JC/Applications/LoRaWAN/LoRaWAN_End_Node_FreeRTOS/LoRaWAN/App/lora_app.c:534:13:Thd_LmHandlerProcess	8	static
D:/STMCUBEMX/STM32Cube_FW_WL_V1.3.0/Projects/NUCLEO-WL55JC/Applications/LoRaWAN/LoRaWAN_End_Node_FreeRTOS/LoRaWAN/App/lora_app.c:759:13:OnJoinTimerLedEvent	8	static
D:/STMCUBEMX/STM32Cube_FW_WL_V1.3.0/Projects/NUCLEO-WL55JC/Applications/LoRaWAN/LoRaWAN_End_Node_FreeRTOS/LoRaWAN/App/lora_app.c:416:6:LoRaWAN_Init	48	static
