D:\STMCUBEMX\STM32Cube_FW_WL_V1.3.0\Projects\NUCLEO-WL55JC\Applications\LoRaWAN\LoRaWAN_End_Node_FreeRTOS\Core\Src\BH1750.c:38:15:BH1750_Reset	24	static
D:\STMCUBEMX\STM32Cube_FW_WL_V1.3.0\Projects\NUCLEO-WL55JC\Applications\LoRaWAN\LoRaWAN_End_Node_FreeRTOS\Core\Src\BH1750.c:52:15:BH1750_PowerState	24	static
D:\STMCUBEMX\STM32Cube_FW_WL_V1.3.0\Projects\NUCLEO-WL55JC\Applications\LoRaWAN\LoRaWAN_End_Node_FreeRTOS\Core\Src\BH1750.c:64:15:BH1750_SetMode	24	static
D:\STMCUBEMX\STM32Cube_FW_WL_V1.3.0\Projects\NUCLEO-WL55JC\Applications\LoRaWAN\LoRaWAN_End_Node_FreeRTOS\Core\Src\BH1750.c:79:15:BH1750_SetMtreg	24	static
D:\STMCUBEMX\STM32Cube_FW_WL_V1.3.0\Projects\NUCLEO-WL55JC\Applications\LoRaWAN\LoRaWAN_End_Node_FreeRTOS\Core\Src\BH1750.c:24:15:BH1750_Init	8	static
D:\STMCUBEMX\STM32Cube_FW_WL_V1.3.0\Projects\NUCLEO-WL55JC\Applications\LoRaWAN\LoRaWAN_End_Node_FreeRTOS\Core\Src\BH1750.c:112:15:BH1750_TriggerManualConversion	8	static
D:\STMCUBEMX\STM32Cube_FW_WL_V1.3.0\Projects\NUCLEO-WL55JC\Applications\LoRaWAN\LoRaWAN_End_Node_FreeRTOS\Core\Src\BH1750.c:124:15:BH1750_ReadLight	40	static
D:/STMCUBEMX/STM32Cube_FW_WL_V1.3.0/Projects/NUCLEO-WL55JC/Applications/LoRaWAN/LoRaWAN_End_Node_FreeRTOS/Core/Src/main.c:71:6:microDelay	0	static
D:/STMCUBEMX/STM32Cube_FW_WL_V1.3.0/Projects/NUCLEO-WL55JC/Applications/LoRaWAN/LoRaWAN_End_Node_FreeRTOS/Core/Src/main.c:77:9:DHT22_Start	40	static
D:/STMCUBEMX/STM32Cube_FW_WL_V1.3.0/Projects/NUCLEO-WL55JC/Applications/LoRaWAN/LoRaWAN_End_Node_FreeRTOS/Core/Src/main.c:108:9:DHT22_Read	16	static
D:/STMCUBEMX/STM32Cube_FW_WL_V1.3.0/Projects/NUCLEO-WL55JC/Applications/LoRaWAN/LoRaWAN_End_Node_FreeRTOS/Core/Src/main.c:253:6:startLorawan	8	static
D:/STMCUBEMX/STM32Cube_FW_WL_V1.3.0/Projects/NUCLEO-WL55JC/Applications/LoRaWAN/LoRaWAN_End_Node_FreeRTOS/Core/Src/main.c:278:6:StartDeadReckoning	8	static
D:/STMCUBEMX/STM32Cube_FW_WL_V1.3.0/Projects/NUCLEO-WL55JC/Applications/LoRaWAN/LoRaWAN_End_Node_FreeRTOS/Core/Src/main.c:326:6:Error_Handler	0	static,ignoring_inline_asm
D:/STMCUBEMX/STM32Cube_FW_WL_V1.3.0/Projects/NUCLEO-WL55JC/Applications/LoRaWAN/LoRaWAN_End_Node_FreeRTOS/Core/Src/main.c:200:6:SystemClock_Config	112	static
D:/STMCUBEMX/STM32Cube_FW_WL_V1.3.0/Projects/NUCLEO-WL55JC/Applications/LoRaWAN/LoRaWAN_End_Node_FreeRTOS/Core/Src/main.c:139:5:main	8	static
