D:\STMCUBEMX\STM32Cube_FW_WL_V1.3.0\Projects\NUCLEO-WL55JC\Applications\LoRaWAN\LoRaWAN_End_Node_FreeRTOS\Core\Src\BH1750.c:38:15:BH1750_Reset	2
D:\STMCUBEMX\STM32Cube_FW_WL_V1.3.0\Projects\NUCLEO-WL55JC\Applications\LoRaWAN\LoRaWAN_End_Node_FreeRTOS\Core\Src\BH1750.c:52:15:BH1750_PowerState	2
D:\STMCUBEMX\STM32Cube_FW_WL_V1.3.0\Projects\NUCLEO-WL55JC\Applications\LoRaWAN\LoRaWAN_End_Node_FreeRTOS\Core\Src\BH1750.c:64:15:BH1750_SetMode	5
D:\STMCUBEMX\STM32Cube_FW_WL_V1.3.0\Projects\NUCLEO-WL55JC\Applications\LoRaWAN\LoRaWAN_End_Node_FreeRTOS\Core\Src\BH1750.c:79:15:BH1750_SetMtreg	4
D:\STMCUBEMX\STM32Cube_FW_WL_V1.3.0\Projects\NUCLEO-WL55JC\Applications\LoRaWAN\LoRaWAN_End_Node_FreeRTOS\Core\Src\BH1750.c:24:15:BH1750_Init	3
D:\STMCUBEMX\STM32Cube_FW_WL_V1.3.0\Projects\NUCLEO-WL55JC\Applications\LoRaWAN\LoRaWAN_End_Node_FreeRTOS\Core\Src\BH1750.c:112:15:BH1750_TriggerManualConversion	2
D:\STMCUBEMX\STM32Cube_FW_WL_V1.3.0\Projects\NUCLEO-WL55JC\Applications\LoRaWAN\LoRaWAN_End_Node_FreeRTOS\Core\Src\BH1750.c:124:15:BH1750_ReadLight	5
D:/STMCUBEMX/STM32Cube_FW_WL_V1.3.0/Projects/NUCLEO-WL55JC/Applications/LoRaWAN/LoRaWAN_End_Node_FreeRTOS/Core/Src/main.c:71:6:microDelay	2
D:/STMCUBEMX/STM32Cube_FW_WL_V1.3.0/Projects/NUCLEO-WL55JC/Applications/LoRaWAN/LoRaWAN_End_Node_FreeRTOS/Core/Src/main.c:77:9:DHT22_Start	5
D:/STMCUBEMX/STM32Cube_FW_WL_V1.3.0/Projects/NUCLEO-WL55JC/Applications/LoRaWAN/LoRaWAN_End_Node_FreeRTOS/Core/Src/main.c:108:9:DHT22_Read	7
D:/STMCUBEMX/STM32Cube_FW_WL_V1.3.0/Projects/NUCLEO-WL55JC/Applications/LoRaWAN/LoRaWAN_End_Node_FreeRTOS/Core/Src/main.c:253:6:startLorawan	1
D:/STMCUBEMX/STM32Cube_FW_WL_V1.3.0/Projects/NUCLEO-WL55JC/Applications/LoRaWAN/LoRaWAN_End_Node_FreeRTOS/Core/Src/main.c:278:6:StartDeadReckoning	4
D:/STMCUBEMX/STM32Cube_FW_WL_V1.3.0/Projects/NUCLEO-WL55JC/Applications/LoRaWAN/LoRaWAN_End_Node_FreeRTOS/Core/Src/main.c:326:6:Error_Handler	1
D:/STMCUBEMX/STM32Cube_FW_WL_V1.3.0/Projects/NUCLEO-WL55JC/Applications/LoRaWAN/LoRaWAN_End_Node_FreeRTOS/Core/Src/main.c:200:6:SystemClock_Config	1
D:/STMCUBEMX/STM32Cube_FW_WL_V1.3.0/Projects/NUCLEO-WL55JC/Applications/LoRaWAN/LoRaWAN_End_Node_FreeRTOS/Core/Src/main.c:139:5:main	1
